ERROR:root:Error Retreiving Git Repo Info
Traceback (most recent call last):
  File "/home/asuran/Downloads/hackathon-hq/work/snapmaker-u1/_recon/u1-moonraker/moonraker/utils/__init__.py", line 102, in get_repo_info
    repo_info["software_version"] = retrieve_git_version(source_path)
                                    ^^^^^^^^^^^^^^^^^^^^^^^^^^^^^^^^^
  File "/home/asuran/Downloads/hackathon-hq/work/snapmaker-u1/_recon/u1-moonraker/moonraker/utils/__init__.py", line 89, in retrieve_git_version
    tag = _retrieve_git_tag(source_path)
          ^^^^^^^^^^^^^^^^^^^^^^^^^^^^^^
  File "/home/asuran/Downloads/hackathon-hq/work/snapmaker-u1/_recon/u1-moonraker/moonraker/utils/__init__.py", line 73, in _retrieve_git_tag
    tag = _run_git_command(cmd)
          ^^^^^^^^^^^^^^^^^^^^^
  File "/home/asuran/Downloads/hackathon-hq/work/snapmaker-u1/_recon/u1-moonraker/moonraker/utils/__init__.py", line 65, in _run_git_command
    raise Exception(
Exception: Failed to run git command 'git -C /home/asuran/Downloads/hackathon-hq/work/snapmaker-u1/_recon/u1-moonraker describe --tags ': fatal: No names found, cannot describe anything.


Application Info:
platform: Linux-6.17.0-35-generic-x86_64-with-glibc2.39
data_path: /tmp/u1-companion-proof/data
is_default_data_path: False
config_file: /tmp/u1-companion-proof/moonraker.conf
backup_config: None
startup_warnings: []
verbose: False
debug: False
asyncio_debug: False
is_backup_config: False
is_python_package: True
instance_uuid: 8b07a9347c6a405d83ee29cac78d343c
unix_socket_path: /tmp/u1-companion-proof/data/comms/moonraker.sock
tmp_dir: /tmp/u1-companion-proof/tmp
config_writable: False
software_version: ?
git_branch: ?
git_remote: ?
git_repo_url: ?
modified_files: []
unofficial_components: []
log_file: 
python_version: 3.11.5 (main, May  7 2026, 17:22:21) [GCC 13.3.0]
launch_args: /home/asuran/Downloads/hackathon-hq/work/snapmaker-u1/.mrvenv/bin/python /home/asuran/Downloads/hackathon-hq/work/snapmaker-u1/_recon/u1-moonraker/moonraker/__main__.py -d /tmp/u1-companion-proof/data -c /tmp/u1-companion-proof/moonraker.conf -t /tmp/u1-companion-proof/tmp -n
msgspec_enabled: False
uvloop_enabled: False
[confighelper.py:read_file()] - Configuration File '/tmp/u1-companion-proof/moonraker.conf' parsed, total size: 1326 B
[server.py:add_log_rollover_item()] - 
#################### Moonraker Configuration ####################

[server]
host = 0.0.0.0
port = 7125
klippy_uds_address = /tmp/u1-companion-proof/run/klippy.sock
max_upload_size = 4096

[machine]
provider = none

[authorization]
trusted_clients = 
	127.0.0.0/8
	10.0.0.0/8
	172.16.0.0/12
	192.168.0.0/16
	169.254.0.0/16
	FE80::/10
	::1/128
cors_domains = 
	*.lan
	*.local
	*://localhost
	*://localhost:*
	*://homeassistant.local:*

[file_manager]

[octoprint_compat]

[history]

[snapmakercloud]

[exception_manager]

[client_manager]

[repeater]

#################################################################
All Configuration Files:
/tmp/u1-companion-proof/moonraker.conf
#################################################################
[server.py:load_component()] - Component (secrets) loaded
[server.py:load_component()] - Component (template) loaded
[server.py:load_component()] - Component (klippy_connection) loaded
[server.py:load_component()] - Component (application) loaded
[server.py:load_component()] - Component (websockets) loaded
[server.py:add_log_rollover_item()] - Loading Sqlite database provider. Sqlite Version: 3.45.1
[server.py:add_log_rollover_item()] - Created default SQL table namespace_store
[server.py:add_log_rollover_item()] - Unsafe Shutdown Count: 0
[server.py:load_component()] - Component (database) loaded
[server.py:load_component()] - Component (dbus_manager) loaded
[file_manager.py:__init__()] - Using File System Observer: inotify
[server.py:load_component()] - Component (file_manager) loaded
[database.py:register_table()] - Creating table authorized_users...
[authorization.py:__init__()] - Authorization Configuration Loaded
Trusted Clients:
127.0.0.0/8
10.0.0.0/8
172.16.0.0/12
192.168.0.0/16
169.254.0.0/16
fe80::/10
::1/128
CORS Domains:
.*\.lan
.*\.local
.*://localhost
.*://localhost:.*
.*://homeassistant\.local:.*
[server.py:load_component()] - Component (authorization) loaded
[server.py:load_component()] - Component (klippy_apis) loaded
[machine.py:_get_product_info()] - Product info file not found, creating with default values
[machine.py:_get_product_info()] - No device name file found, using default value
[machine.py:_get_product_info()] - Reading product info from /tmp/u1-companion-proof/data/.lava.sn
[machine.py:_get_product_info()] - No serial number file found, using default value
[machine.py:_get_product_info()] - product info: {'machine_type': 'Snapmaker U1', 'nozzle_diameter': [0.4, 0.4, 0.4, 0.4], 'serial_number': '', 'device_name': 'Snapmaker U1', 'firmware_version': '?', 'software_version': '?'}
[server.py:add_log_rollover_item()] - 
System Info:

***python***
  version: (3, 11, 5, 'final', 0)
  version_string: 3.11.5 (main, May  7 2026, 17:22:21) [GCC 13.3.0]

***product_info***
  machine_type: Snapmaker U1
  nozzle_diameter: [0.4, 0.4, 0.4, 0.4]
  serial_number: 
  device_name: Snapmaker U1
  firmware_version: ?
  software_version: ?

***cpu_info***
  cpu_count: 22
  bits: 64bit
  processor: x86_64
  cpu_desc: Intel(R) Core(TM) Ultra 9 185H
  serial_number: 
  hardware_desc: 
  model: 
  total_memory: 32271824
  memory_units: kB

***sd_info***

***distribution***
  name: Ubuntu 24.04.4 LTS
  id: ubuntu
  version: 24.04
  version_parts: {'major': '24', 'minor': '04', 'build_number': ''}
  like: debian
  codename: noble
  release_info: {}
  kernel_version: 6.17.0-35-generic

***virtualization***
  virt_type: none
  virt_identifier: none

***network***

***canbus***

***Allowed Services***
  klipper_mcu
  webcamd
  MoonCord
  KlipperScreen
  moonraker-telegram-bot
  moonraker-obico
  sonar
  crowsnest
  octoeverywhere
  ratos-configurator
[server.py:load_component()] - Component (shell_command) loaded
[machine.py:__init__()] - Using System Provider: none
[server.py:add_log_rollover_item()] - Module libcamera unavailble, import failed
[server.py:load_component()] - Component (machine) loaded
[server.py:load_component()] - Component (data_store) loaded
[proc_stats.py:__init__()] - Unable to find 'vcgencmd', throttle checking disabled
[server.py:load_component()] - Component (proc_stats) loaded
[server.py:load_component()] - Component (job_state) loaded
[server.py:load_component()] - Component (job_queue) loaded
[database.py:register_table()] - Creating table job_history...
[database.py:register_table()] - Creating table job_totals...
[history.py:migrate()] - Migrating history totals from moonraker namespace...
[server.py:load_component()] - Component (history) loaded
[server.py:load_component()] - Component (http_client) loaded
[server.py:load_component()] - Component (httpx_client) loaded
[server.py:load_component()] - Component (announcements) loaded
[server.py:load_component()] - Component (webcam) loaded
[server.py:load_component()] - Component (extensions) loaded
[server.py:load_component()] - Component (exception_manager) loaded
[server.py:load_component()] - Component (octoprint_compat) loaded
[snapmakercloud.py:__init__()] - failed to get sn file
[server.py:load_component()] - Component (snapmakercloud) loaded
[client_manager.py:_load_oem_config()] - Creating new clients file: /tmp/u1-companion-proof/data/mqtt/client.json
/home/asuran/Downloads/hackathon-hq/work/snapmaker-u1/_recon/u1-moonraker/moonraker/components/client_manager.py:920: RuntimeWarning: coroutine 'ClientManager._remove_local_mqtt_certs' was never awaited
  self._remove_local_mqtt_certs()
RuntimeWarning: Enable tracemalloc to get the object allocation traceback
[client_manager.py:__init__()] - oem config: {'access_code': 12345678, 'logging_out_userid': '', 'link_mode': 0, 'region': ''}
[server.py:load_component()] - Component (client_manager) loaded
[server.py:load_component()] - Component (repeater) loaded
[server.py:_initialize_component()] - Performing Component Post Init: [database]
[server.py:_initialize_component()] - Performing Component Post Init: [dbus_manager]
[server.py:_initialize_component()] - Performing Component Post Init: [file_manager]
[server.py:_initialize_component()] - Performing Component Post Init: [authorization]
[server.py:_initialize_component()] - Performing Component Post Init: [machine]
[machine.py:update_usb_ids()] - Fetching latest usb.ids file...
[machine.py:validation_init()] - Installation version in database up to date
[machine.py:_find_public_ip()] - Detected Local IP: 10.247.105.5
[server.py:_initialize_component()] - Performing Component Post Init: [proc_stats]
[server.py:_initialize_component()] - Performing Component Post Init: [history]
[webcam.py:_set_default_host_ip()] - Default public webcam address set: http://10.247.105.5
[server.py:_initialize_component()] - Performing Component Post Init: [announcements]
[server.py:_initialize_component()] - Performing Component Post Init: [webcam]
[webcam.py:_set_default_host_ip()] - Default public webcam address set: http://10.247.105.5
[server.py:_initialize_component()] - Performing Component Post Init: [klippy_connection]
[server.py:_initialize_component()] - Performing Component Post Init: [exception_manager]
[exception_manager.py:component_init()] - excepmgr: MQTT doesn't exist
[server.py:_initialize_component()] - Performing Component Post Init: [snapmakercloud]
[server.py:_initialize_component()] - Performing Component Post Init: [client_manager]
[client_manager.py:component_init()] - smclient: MQTT doesn't exist
[server.py:_initialize_component()] - Performing Component Post Init: [repeater]
[repeater.py:component_init()] - smcloud: MQTT doesn't exist
[snapmakercloud.py:component_init()] - smcloud: MQTT doesn't exist
[confighelper.py:create_backup()] - Backing up last working configuration to '/tmp/u1-companion-proof/.moonraker.conf.bkp'
[extensions.py:start_unix_server()] - Creating Unix Domain Socket at '/tmp/u1-companion-proof/data/comms/moonraker.sock'
[server.py:start_server()] - Starting Moonraker on (0.0.0.0, 7125), Hostname: Asuran
[application.py:listen()] - SSL Certificate/Key not configured, aborting HTTPS Server startup
[authorization.py:_check_trusted_connection()] - Trusted Connection Detected, IP: 127.0.0.1
[klippy_connection.py:_do_connect()] - Klippy Connection Established
[server.py:add_log_rollover_item()] - Klipper Version: v0.12.0-u1sim
[klippy_connection.py:_save_path_info()] - Updated Stored Klipper Source Path: /home/asuran/Downloads/hackathon-hq/work/snapmaker-u1/u1-companion
[klippy_connection.py:_save_path_info()] - Updated Stored Klipper Python Path: /home/asuran/.pyenv/versions/3.11.5/bin/python3
[klippy_connection.py:_request_initial_subscriptions()] - Webhooks Subscribed
[klippy_connection.py:_request_initial_subscriptions()] - GCode Output Subscribed
[snapmakercloud.py:update_device_status()] - MQTT client not initialized, cannot update device status
[machine.py:_update_msm_from_status()] - machine state: {'main_state': 0, 'action_code': 0}
[job_state.py:_handle_started()] - Job state initialized: standby
[klippy_connection.py:_check_ready()] - Klippy ready
[exception_manager.py:_on_klippy_ready()] - query klippy exceptions
[snapmakercloud.py:update_device_status()] - MQTT client not initialized, cannot update device status
[exception_manager.py:_on_klippy_ready()] - klippy exceptions: {'exception_manager': {'exceptions': []}}
[exception_manager.py:_set_motion_exception()] - klippy exceptions: []
[data_store.py:_init_sensors()] - Configuring available sensors: ['extruder', 'extruder1', 'extruder2', 'extruder3', 'heater_bed', 'temperature_sensor cavity']
[application.py:log_request()] - 400 POST /printer/gcode/script?script=SET_PRINT_EXTRUDER_MAP+CONFIG_EXTRUDER%3D99+MAP_EXTRUDER%3D0 (127.0.0.1) [_TRUSTED_USER_] 2.29ms
[application.py:log_request()] - 101 GET /websocket (127.0.0.1) [_TRUSTED_USER_] 0.30ms
[websockets.py:open()] - Websocket Opened: ID: 132319843646352, Proxied: False, User Agent: Python/3.11 aiohttp/3.13.5, Host Name: 127.0.0.1
[machine.py:update_usb_ids()] - Failed to retrieve usb.ids file
[machine.py:_update_msm_from_status()] - machine state: {'main_state': 1, 'action_code': 0}
[job_state.py:_status_update()] - Job Started: u1-four-color-demo.gcode
[websockets.py:on_close()] - Websocket Closed: ID: 132319843646352 Close Code: 1000, Close Reason: None, Pong Time Elapsed: 2.00
